Archive member included to satisfy reference by file (symbol)

c:/st/stm32cubeide_1.3.0/stm32cubeide/plugins/com.st.stm32cube.ide.mcu.externaltools.gnu-tools-for-stm32.7-2018-q2-update.win32_1.0.0.201904181610/tools/bin/../lib/gcc/arm-none-eabi/7.3.1/../../../../arm-none-eabi/lib/thumb/v7e-m/fpv4-sp/hard\libc_nano.a(lib_a-errno.o)
                              Core/Src/syscalls.o (__errno)
c:/st/stm32cubeide_1.3.0/stm32cubeide/plugins/com.st.stm32cube.ide.mcu.externaltools.gnu-tools-for-stm32.7-2018-q2-update.win32_1.0.0.201904181610/tools/bin/../lib/gcc/arm-none-eabi/7.3.1/../../../../arm-none-eabi/lib/thumb/v7e-m/fpv4-sp/hard\libc_nano.a(lib_a-exit.o)
                              c:/st/stm32cubeide_1.3.0/stm32cubeide/plugins/com.st.stm32cube.ide.mcu.externaltools.gnu-tools-for-stm32.7-2018-q2-update.win32_1.0.0.201904181610/tools/bin/../lib/gcc/arm-none-eabi/7.3.1/../../../../arm-none-eabi/lib/thumb/v7e-m/fpv4-sp/hard/crt0.o (exit)
c:/st/stm32cubeide_1.3.0/stm32cubeide/plugins/com.st.stm32cube.ide.mcu.externaltools.gnu-tools-for-stm32.7-2018-q2-update.win32_1.0.0.201904181610/tools/bin/../lib/gcc/arm-none-eabi/7.3.1/../../../../arm-none-eabi/lib/thumb/v7e-m/fpv4-sp/hard\libc_nano.a(lib_a-impure.o)
                              c:/st/stm32cubeide_1.3.0/stm32cubeide/plugins/com.st.stm32cube.ide.mcu.externaltools.gnu-tools-for-stm32.7-2018-q2-update.win32_1.0.0.201904181610/tools/bin/../lib/gcc/arm-none-eabi/7.3.1/../../../../arm-none-eabi/lib/thumb/v7e-m/fpv4-sp/hard\libc_nano.a(lib_a-exit.o) (_global_impure_ptr)
c:/st/stm32cubeide_1.3.0/stm32cubeide/plugins/com.st.stm32cube.ide.mcu.externaltools.gnu-tools-for-stm32.7-2018-q2-update.win32_1.0.0.201904181610/tools/bin/../lib/gcc/arm-none-eabi/7.3.1/../../../../arm-none-eabi/lib/thumb/v7e-m/fpv4-sp/hard\libc_nano.a(lib_a-init.o)
                              c:/st/stm32cubeide_1.3.0/stm32cubeide/plugins/com.st.stm32cube.ide.mcu.externaltools.gnu-tools-for-stm32.7-2018-q2-update.win32_1.0.0.201904181610/tools/bin/../lib/gcc/arm-none-eabi/7.3.1/../../../../arm-none-eabi/lib/thumb/v7e-m/fpv4-sp/hard/crt0.o (__libc_init_array)
c:/st/stm32cubeide_1.3.0/stm32cubeide/plugins/com.st.stm32cube.ide.mcu.externaltools.gnu-tools-for-stm32.7-2018-q2-update.win32_1.0.0.201904181610/tools/bin/../lib/gcc/arm-none-eabi/7.3.1/../../../../arm-none-eabi/lib/thumb/v7e-m/fpv4-sp/hard\libc_nano.a(lib_a-memset.o)
                              c:/st/stm32cubeide_1.3.0/stm32cubeide/plugins/com.st.stm32cube.ide.mcu.externaltools.gnu-tools-for-stm32.7-2018-q2-update.win32_1.0.0.201904181610/tools/bin/../lib/gcc/arm-none-eabi/7.3.1/../../../../arm-none-eabi/lib/thumb/v7e-m/fpv4-sp/hard/crt0.o (memset)

Allocating common symbols
Common symbol       size              file

uwTick              0x4               Drivers/STM32F3xx_HAL_Driver/Src/stm32f3xx_hal.o
pFlash              0x20              Drivers/STM32F3xx_HAL_Driver/Src/stm32f3xx_hal_flash.o

Discarded input sections

 .text          0x0000000000000000        0x0 c:/st/stm32cubeide_1.3.0/stm32cubeide/plugins/com.st.stm32cube.ide.mcu.externaltools.gnu-tools-for-stm32.7-2018-q2-update.win32_1.0.0.201904181610/tools/bin/../lib/gcc/arm-none-eabi/7.3.1/thumb/v7e-m/fpv4-sp/hard/crti.o
 .data          0x0000000000000000        0x0 c:/st/stm32cubeide_1.3.0/stm32cubeide/plugins/com.st.stm32cube.ide.mcu.externaltools.gnu-tools-for-stm32.7-2018-q2-update.win32_1.0.0.201904181610/tools/bin/../lib/gcc/arm-none-eabi/7.3.1/thumb/v7e-m/fpv4-sp/hard/crti.o
 .bss           0x0000000000000000        0x0 c:/st/stm32cubeide_1.3.0/stm32cubeide/plugins/com.st.stm32cube.ide.mcu.externaltools.gnu-tools-for-stm32.7-2018-q2-update.win32_1.0.0.201904181610/tools/bin/../lib/gcc/arm-none-eabi/7.3.1/thumb/v7e-m/fpv4-sp/hard/crti.o
 .data          0x0000000000000000        0x4 c:/st/stm32cubeide_1.3.0/stm32cubeide/plugins/com.st.stm32cube.ide.mcu.externaltools.gnu-tools-for-stm32.7-2018-q2-update.win32_1.0.0.201904181610/tools/bin/../lib/gcc/arm-none-eabi/7.3.1/thumb/v7e-m/fpv4-sp/hard/crtbegin.o
 .text          0x0000000000000000       0x74 c:/st/stm32cubeide_1.3.0/stm32cubeide/plugins/com.st.stm32cube.ide.mcu.externaltools.gnu-tools-for-stm32.7-2018-q2-update.win32_1.0.0.201904181610/tools/bin/../lib/gcc/arm-none-eabi/7.3.1/../../../../arm-none-eabi/lib/thumb/v7e-m/fpv4-sp/hard/crt0.o
 .data          0x0000000000000000        0x0 c:/st/stm32cubeide_1.3.0/stm32cubeide/plugins/com.st.stm32cube.ide.mcu.externaltools.gnu-tools-for-stm32.7-2018-q2-update.win32_1.0.0.201904181610/tools/bin/../lib/gcc/arm-none-eabi/7.3.1/../../../../arm-none-eabi/lib/thumb/v7e-m/fpv4-sp/hard/crt0.o
 .bss           0x0000000000000000        0x0 c:/st/stm32cubeide_1.3.0/stm32cubeide/plugins/com.st.stm32cube.ide.mcu.externaltools.gnu-tools-for-stm32.7-2018-q2-update.win32_1.0.0.201904181610/tools/bin/../lib/gcc/arm-none-eabi/7.3.1/../../../../arm-none-eabi/lib/thumb/v7e-m/fpv4-sp/hard/crt0.o
[...]
Memory Configuration

Name             Origin             Length             Attributes
RAM              0x0000000020000000 0x0000000000004000 xrw
FLASH            0x0000000008000000 0x0000000000010000 xr
*default*        0x0000000000000000 0xffffffffffffffff

Linker script and memory map

LOAD c:/st/stm32cubeide_1.3.0/stm32cubeide/plugins/com.st.stm32cube.ide.mcu.externaltools.gnu-tools-for-stm32.7-2018-q2-update.win32_1.0.0.201904181610/tools/bin/../lib/gcc/arm-none-eabi/7.3.1/thumb/v7e-m/fpv4-sp/hard/crti.o
LOAD c:/st/stm32cubeide_1.3.0/stm32cubeide/plugins/com.st.stm32cube.ide.mcu.externaltools.gnu-tools-for-stm32.7-2018-q2-update.win32_1.0.0.201904181610/tools/bin/../lib/gcc/arm-none-eabi/7.3.1/thumb/v7e-m/fpv4-sp/hard/crtbegin.o
LOAD c:/st/stm32cubeide_1.3.0/stm32cubeide/plugins/com.st.stm32cube.ide.mcu.externaltools.gnu-tools-for-stm32.7-2018-q2-update.win32_1.0.0.201904181610/tools/bin/../lib/gcc/arm-none-eabi/7.3.1/../../../../arm-none-eabi/lib/thumb/v7e-m/fpv4-sp/hard/crt0.o
LOAD Application/PhasesControl.o
LOAD Core/Src/main.o
LOAD Core/Src/stm32f3xx_hal_msp.o
LOAD Core/Src/stm32f3xx_it.o
LOAD Core/Src/syscalls.o
LOAD Core/Src/sysmem.o
LOAD Core/Src/system_stm32f3xx.o
LOAD Core/Startup/startup_stm32f302r8tx.o
LOAD Drivers/STM32F3xx_HAL_Driver/Src/stm32f3xx_hal.o
LOAD Drivers/STM32F3xx_HAL_Driver/Src/stm32f3xx_hal_adc.o
LOAD Drivers/STM32F3xx_HAL_Driver/Src/stm32f3xx_hal_adc_ex.o
LOAD Drivers/STM32F3xx_HAL_Driver/Src/stm32f3xx_hal_cortex.o
LOAD Drivers/STM32F3xx_HAL_Driver/Src/stm32f3xx_hal_dma.o
LOAD Drivers/STM32F3xx_HAL_Driver/Src/stm32f3xx_hal_exti.o
LOAD Drivers/STM32F3xx_HAL_Driver/Src/stm32f3xx_hal_flash.o
LOAD Drivers/STM32F3xx_HAL_Driver/Src/stm32f3xx_hal_flash_ex.o
LOAD Drivers/STM32F3xx_HAL_Driver/Src/stm32f3xx_hal_gpio.o
LOAD Drivers/STM32F3xx_HAL_Driver/Src/stm32f3xx_hal_i2c.o
LOAD Drivers/STM32F3xx_HAL_Driver/Src/stm32f3xx_hal_i2c_ex.o
LOAD Drivers/STM32F3xx_HAL_Driver/Src/stm32f3xx_hal_pwr.o
LOAD Drivers/STM32F3xx_HAL_Driver/Src/stm32f3xx_hal_pwr_ex.o
LOAD Drivers/STM32F3xx_HAL_Driver/Src/stm32f3xx_hal_rcc.o
LOAD Drivers/STM32F3xx_HAL_Driver/Src/stm32f3xx_hal_rcc_ex.o
LOAD Drivers/STM32F3xx_HAL_Driver/Src/stm32f3xx_hal_tim.o
LOAD Drivers/STM32F3xx_HAL_Driver/Src/stm32f3xx_hal_tim_ex.o
LOAD Drivers/STM32F3xx_HAL_Driver/Src/stm32f3xx_hal_uart.o
LOAD Drivers/STM32F3xx_HAL_Driver/Src/stm32f3xx_hal_uart_ex.o
START GROUP
LOAD c:/st/stm32cubeide_1.3.0/stm32cubeide/plugins/com.st.stm32cube.ide.mcu.externaltools.gnu-tools-for-stm32.7-2018-q2-update.win32_1.0.0.201904181610/tools/bin/../lib/gcc/arm-none-eabi/7.3.1/../../../../arm-none-eabi/lib/thumb/v7e-m/fpv4-sp/hard\libstdc++_nano.a
LOAD c:/st/stm32cubeide_1.3.0/stm32cubeide/plugins/com.st.stm32cube.ide.mcu.externaltools.gnu-tools-for-stm32.7-2018-q2-update.win32_1.0.0.201904181610/tools/bin/../lib/gcc/arm-none-eabi/7.3.1/../../../../arm-none-eabi/lib/thumb/v7e-m/fpv4-sp/hard\libsupc++_nano.a
END GROUP
LOAD c:/st/stm32cubeide_1.3.0/stm32cubeide/plugins/com.st.stm32cube.ide.mcu.externaltools.gnu-tools-for-stm32.7-2018-q2-update.win32_1.0.0.201904181610/tools/bin/../lib/gcc/arm-none-eabi/7.3.1/../../../../arm-none-eabi/lib/thumb/v7e-m/fpv4-sp/hard\libstdc++_nano.a
LOAD c:/st/stm32cubeide_1.3.0/stm32cubeide/plugins/com.st.stm32cube.ide.mcu.externaltools.gnu-tools-for-stm32.7-2018-q2-update.win32_1.0.0.201904181610/tools/bin/../lib/gcc/arm-none-eabi/7.3.1/../../../../arm-none-eabi/lib/thumb/v7e-m/fpv4-sp/hard\libm.a
LOAD c:/st/stm32cubeide_1.3.0/stm32cubeide/plugins/com.st.stm32cube.ide.mcu.externaltools.gnu-tools-for-stm32.7-2018-q2-update.win32_1.0.0.201904181610/tools/bin/../lib/gcc/arm-none-eabi/7.3.1/../../../../arm-none-eabi/lib/thumb/v7e-m/fpv4-sp/hard\libc_nano.a
START GROUP
LOAD c:/st/stm32cubeide_1.3.0/stm32cubeide/plugins/com.st.stm32cube.ide.mcu.externaltools.gnu-tools-for-stm32.7-2018-q2-update.win32_1.0.0.201904181610/tools/bin/../lib/gcc/arm-none-eabi/7.3.1/thumb/v7e-m/fpv4-sp/hard\libgcc.a
LOAD c:/st/stm32cubeide_1.3.0/stm32cubeide/plugins/com.st.stm32cube.ide.mcu.externaltools.gnu-tools-for-stm32.7-2018-q2-update.win32_1.0.0.201904181610/tools/bin/../lib/gcc/arm-none-eabi/7.3.1/../../../../arm-none-eabi/lib/thumb/v7e-m/fpv4-sp/hard\libc_nano.a
END GROUP
START GROUP
LOAD c:/st/stm32cubeide_1.3.0/stm32cubeide/plugins/com.st.stm32cube.ide.mcu.externaltools.gnu-tools-for-stm32.7-2018-q2-update.win32_1.0.0.201904181610/tools/bin/../lib/gcc/arm-none-eabi/7.3.1/thumb/v7e-m/fpv4-sp/hard\libgcc.a
LOAD c:/st/stm32cubeide_1.3.0/stm32cubeide/plugins/com.st.stm32cube.ide.mcu.externaltools.gnu-tools-for-stm32.7-2018-q2-update.win32_1.0.0.201904181610/tools/bin/../lib/gcc/arm-none-eabi/7.3.1/../../../../arm-none-eabi/lib/thumb/v7e-m/fpv4-sp/hard\libc_nano.a
LOAD c:/st/stm32cubeide_1.3.0/stm32cubeide/plugins/com.st.stm32cube.ide.mcu.externaltools.gnu-tools-for-stm32.7-2018-q2-update.win32_1.0.0.201904181610/tools/bin/../lib/gcc/arm-none-eabi/7.3.1/../../../../arm-none-eabi/lib/thumb/v7e-m/fpv4-sp/hard\libnosys.a
END GROUP
START GROUP
LOAD c:/st/stm32cubeide_1.3.0/stm32cubeide/plugins/com.st.stm32cube.ide.mcu.externaltools.gnu-tools-for-stm32.7-2018-q2-update.win32_1.0.0.201904181610/tools/bin/../lib/gcc/arm-none-eabi/7.3.1/thumb/v7e-m/fpv4-sp/hard\libgcc.a
LOAD c:/st/stm32cubeide_1.3.0/stm32cubeide/plugins/com.st.stm32cube.ide.mcu.externaltools.gnu-tools-for-stm32.7-2018-q2-update.win32_1.0.0.201904181610/tools/bin/../lib/gcc/arm-none-eabi/7.3.1/../../../../arm-none-eabi/lib/thumb/v7e-m/fpv4-sp/hard\libc_nano.a
LOAD c:/st/stm32cubeide_1.3.0/stm32cubeide/plugins/com.st.stm32cube.ide.mcu.externaltools.gnu-tools-for-stm32.7-2018-q2-update.win32_1.0.0.201904181610/tools/bin/../lib/gcc/arm-none-eabi/7.3.1/../../../../arm-none-eabi/lib/thumb/v7e-m/fpv4-sp/hard\libnosys.a
END GROUP
LOAD c:/st/stm32cubeide_1.3.0/stm32cubeide/plugins/com.st.stm32cube.ide.mcu.externaltools.gnu-tools-for-stm32.7-2018-q2-update.win32_1.0.0.201904181610/tools/bin/../lib/gcc/arm-none-eabi/7.3.1/thumb/v7e-m/fpv4-sp/hard/crtend.o
LOAD c:/st/stm32cubeide_1.3.0/stm32cubeide/plugins/com.st.stm32cube.ide.mcu.externaltools.gnu-tools-for-stm32.7-2018-q2-update.win32_1.0.0.201904181610/tools/bin/../lib/gcc/arm-none-eabi/7.3.1/thumb/v7e-m/fpv4-sp/hard/crtn.o
                0x0000000020004000                _estack = (ORIGIN (RAM) + LENGTH (RAM))
                0x0000000000000200                _Min_Heap_Size = 0x200
                0x0000000000000400                _Min_Stack_Size = 0x400

.isr_vector     0x0000000008000000      0x188
                0x0000000008000000                . = ALIGN (0x4)
 *(.isr_vector)
 .isr_vector    0x0000000008000000      0x188 Core/Startup/startup_stm32f302r8tx.o
                0x0000000008000000                g_pfnVectors
                0x0000000008000188                . = ALIGN (0x4)

.text           0x0000000008000188     0x60f0
                0x0000000008000188                . = ALIGN (0x4)
 *(.text)
 .text          0x0000000008000188       0x40 c:/st/stm32cubeide_1.3.0/stm32cubeide/plugins/com.st.stm32cube.ide.mcu.externaltools.gnu-tools-for-stm32.7-2018-q2-update.win32_1.0.0.201904181610/tools/bin/../lib/gcc/arm-none-eabi/7.3.1/thumb/v7e-m/fpv4-sp/hard/crtbegin.o
 *(.text*)
 .text._ZN5Phase5StartEv
                0x00000000080001c8       0x36 Application/PhasesControl.o
                0x00000000080001c8                Phase::Start()
 .text._ZN5Phase7SetDutyEf
                0x00000000080001fe       0x28 Application/PhasesControl.o
                0x00000000080001fe                Phase::SetDuty(float)
 .text._ZN5Phase6EnableEv
                0x0000000008000226       0x1a Application/PhasesControl.o
                0x0000000008000226                Phase::Enable()
 .text._ZN5Phase7DisableEv
                0x0000000008000240       0x1c Application/PhasesControl.o
                0x0000000008000240                Phase::Disable()
 .text._ZN5Phase9ApplyDutyEv
                0x000000000800025c       0xe0 Application/PhasesControl.o
                0x000000000800025c                Phase::ApplyDuty()
 .text._ZN12PhaseHandler4InitEv
                0x000000000800033c       0x34 Application/PhasesControl.o
                0x000000000800033c                PhaseHandler::Init()
 .text._ZN12PhaseHandler5StartEv
                0x0000000008000370       0x42 Application/PhasesControl.o
                0x0000000008000370                PhaseHandler::Start()
 .text._ZN12PhaseHandler11SetDutyStepEf
                0x00000000080003b2       0x20 Application/PhasesControl.o
                0x00000000080003b2                PhaseHandler::SetDutyStep(float)
 *fill*         0x00000000080003d2        0x2 
 .text._ZN12PhaseHandler10SwitchStepEv
                0x00000000080003d4       0x3c Application/PhasesControl.o
                0x00000000080003d4                PhaseHandler::SwitchStep()
 .text._ZN12PhaseHandler5ResetEv
                0x0000000008000410       0x1c Application/PhasesControl.o
                0x0000000008000410                PhaseHandler::Reset()
 .text._ZN12PhaseHandler10DisableAllEv
                0x000000000800042c       0x34 Application/PhasesControl.o
                0x000000000800042c                PhaseHandler::DisableAll()
 .text._ZN5PhaseC2Et
                0x0000000008000460       0x26 Core/Src/main.o
                0x0000000008000460                Phase::Phase(unsigned short)
                0x0000000008000460                Phase::Phase(unsigned short)
 .text._ZN12PhaseHandlerC2Ev
                0x0000000008000486       0x68 Core/Src/main.o
                0x0000000008000486                PhaseHandler::PhaseHandler()
                0x0000000008000486                PhaseHandler::PhaseHandler()
 *fill*         0x00000000080004ee        0x2 
 .text.getTIM1  0x00000000080004f0       0x14 Core/Src/main.o
                0x00000000080004f0                getTIM1
 .text.toggleLED
                0x0000000008000504       0x18 Core/Src/main.o
                0x0000000008000504                toggleLED
 .text.main     0x000000000800051c       0xf4 Core/Src/main.o
                0x000000000800051c                main
 .text._Z18SystemClock_Configv
                0x0000000008000610       0xde Core/Src/main.o
                0x0000000008000610                SystemClock_Config()
 .text._ZL12MX_NVIC_Initv
                0x00000000080006ee       0x18 Core/Src/main.o
 *fill*         0x0000000008000706        0x2 
 .text._ZL12MX_ADC1_Initv
                0x0000000008000708       0xd0 Core/Src/main.o
 .text._ZL12MX_TIM1_Initv
                0x00000000080007d8      0x1e0 Core/Src/main.o
 .text._ZL12MX_TIM2_Initv
                0x00000000080009b8      0x16c Core/Src/main.o
 .text._ZL12MX_TIM6_Initv
                0x0000000008000b24       0x84 Core/Src/main.o
 .text._ZL19MX_USART1_UART_Initv
                0x0000000008000ba8       0x68 Core/Src/main.o
 .text._ZL11MX_DMA_Initv
                0x0000000008000c10       0x3c Core/Src/main.o
 .text._ZL12MX_GPIO_Initv
                0x0000000008000c4c      0x12c Core/Src/main.o
 .text.Error_Handler
                0x0000000008000d78        0xe Core/Src/main.o
                0x0000000008000d78                Error_Handler
 *fill*         0x0000000008000d86        0x2 
 .text.HAL_MspInit
                0x0000000008000d88       0x58 Core/Src/stm32f3xx_hal_msp.o
                0x0000000008000d88                HAL_MspInit
 .text.HAL_ADC_MspInit
                0x0000000008000de0       0xe0 Core/Src/stm32f3xx_hal_msp.o
                0x0000000008000de0                HAL_ADC_MspInit
 .text.HAL_TIM_PWM_MspInit
                0x0000000008000ec0       0x7c Core/Src/stm32f3xx_hal_msp.o
                0x0000000008000ec0                HAL_TIM_PWM_MspInit
 .text.HAL_TIM_Base_MspInit
                0x0000000008000f3c       0x70 Core/Src/stm32f3xx_hal_msp.o
                0x0000000008000f3c                HAL_TIM_Base_MspInit
 .text.HAL_TIM_MspPostInit
                0x0000000008000fac       0xe4 Core/Src/stm32f3xx_hal_msp.o
                0x0000000008000fac                HAL_TIM_MspPostInit
 .text.HAL_UART_MspInit
                0x0000000008001090       0x98 Core/Src/stm32f3xx_hal_msp.o
                0x0000000008001090                HAL_UART_MspInit
 .text.NMI_Handler
                0x0000000008001128        0xe Core/Src/stm32f3xx_it.o
                0x0000000008001128                NMI_Handler
 .text.HardFault_Handler
                0x0000000008001136        0x6 Core/Src/stm32f3xx_it.o
                0x0000000008001136                HardFault_Handler
 .text.MemManage_Handler
                0x000000000800113c        0x6 Core/Src/stm32f3xx_it.o
                0x000000000800113c                MemManage_Handler
 .text.BusFault_Handler
                0x0000000008001142        0x6 Core/Src/stm32f3xx_it.o
                0x0000000008001142                BusFault_Handler
 .text.UsageFault_Handler
                0x0000000008001148        0x6 Core/Src/stm32f3xx_it.o
                0x0000000008001148                UsageFault_Handler
 .text.SVC_Handler
                0x000000000800114e        0xe Core/Src/stm32f3xx_it.o
                0x000000000800114e                SVC_Handler
 .text.DebugMon_Handler
                0x000000000800115c        0xe Core/Src/stm32f3xx_it.o
                0x000000000800115c                DebugMon_Handler
 .text.PendSV_Handler
                0x000000000800116a        0xe Core/Src/stm32f3xx_it.o
                0x000000000800116a                PendSV_Handler
 .text.SysTick_Handler
                0x0000000008001178        0xc Core/Src/stm32f3xx_it.o
                0x0000000008001178                SysTick_Handler
 .text.RCC_IRQHandler
                0x0000000008001184        0xe Core/Src/stm32f3xx_it.o
                0x0000000008001184                RCC_IRQHandler
 *fill*         0x0000000008001192        0x2 
 .text.DMA1_Channel1_IRQHandler
                0x0000000008001194       0x14 Core/Src/stm32f3xx_it.o
                0x0000000008001194                DMA1_Channel1_IRQHandler
 .text.ADC1_IRQHandler
                0x00000000080011a8       0x14 Core/Src/stm32f3xx_it.o
                0x00000000080011a8                ADC1_IRQHandler
 .text.TIM1_BRK_TIM15_IRQHandler
                0x00000000080011bc       0x14 Core/Src/stm32f3xx_it.o
                0x00000000080011bc                TIM1_BRK_TIM15_IRQHandler
 .text.TIM1_UP_TIM16_IRQHandler
                0x00000000080011d0       0x14 Core/Src/stm32f3xx_it.o
                0x00000000080011d0                TIM1_UP_TIM16_IRQHandler
 .text.TIM1_TRG_COM_TIM17_IRQHandler
                0x00000000080011e4       0x14 Core/Src/stm32f3xx_it.o
                0x00000000080011e4                TIM1_TRG_COM_TIM17_IRQHandler
 .text.TIM1_CC_IRQHandler
                0x00000000080011f8       0x14 Core/Src/stm32f3xx_it.o
                0x00000000080011f8                TIM1_CC_IRQHandler
 .text.TIM2_IRQHandler
                0x000000000800120c       0x14 Core/Src/stm32f3xx_it.o
                0x000000000800120c                TIM2_IRQHandler
 .text.USART1_IRQHandler
                0x0000000008001220       0x14 Core/Src/stm32f3xx_it.o
                0x0000000008001220                USART1_IRQHandler
 .text.EXTI15_10_IRQHandler
                0x0000000008001234       0x10 Core/Src/stm32f3xx_it.o
                0x0000000008001234                EXTI15_10_IRQHandler
 .text.TIM6_DAC_IRQHandler
                0x0000000008001244       0x50 Core/Src/stm32f3xx_it.o
                0x0000000008001244                TIM6_DAC_IRQHandler
 .text.SystemInit
                0x0000000008001294       0x2c Core/Src/system_stm32f3xx.o
                0x0000000008001294                SystemInit
 .text.Reset_Handler
                0x00000000080012c0       0x50 Core/Startup/startup_stm32f302r8tx.o
                0x00000000080012c0                Reset_Handler
 .text.Default_Handler
                0x0000000008001310        0x2 Core/Startup/startup_stm32f302r8tx.o
                0x0000000008001310                RTC_Alarm_IRQHandler
                0x0000000008001310                USB_HP_IRQHandler
                0x0000000008001310                PVD_IRQHandler
                0x0000000008001310                TAMP_STAMP_IRQHandler
                0x0000000008001310                EXTI3_IRQHandler
                0x0000000008001310                I2C3_ER_IRQHandler
                0x0000000008001310                USB_HP_CAN_TX_IRQHandler
                0x0000000008001310                EXTI0_IRQHandler
                0x0000000008001310                I2C2_EV_IRQHandler
                0x0000000008001310                FPU_IRQHandler
                0x0000000008001310                CAN_SCE_IRQHandler
                0x0000000008001310                DMA1_Channel4_IRQHandler
                0x0000000008001310                USART3_IRQHandler
                0x0000000008001310                DMA1_Channel7_IRQHandler
                0x0000000008001310                CAN_RX1_IRQHandler
                0x0000000008001310                I2C1_EV_IRQHandler
                0x0000000008001310                DMA1_Channel6_IRQHandler
                0x0000000008001310                Default_Handler
                0x0000000008001310                USBWakeUp_RMP_IRQHandler
                0x0000000008001310                COMP2_IRQHandler
                0x0000000008001310                I2C3_EV_IRQHandler
                0x0000000008001310                EXTI9_5_IRQHandler
                0x0000000008001310                RTC_WKUP_IRQHandler
                0x0000000008001310                SPI2_IRQHandler
                0x0000000008001310                USB_LP_CAN_RX0_IRQHandler
                0x0000000008001310                DMA1_Channel5_IRQHandler
                0x0000000008001310                USB_LP_IRQHandler
                0x0000000008001310                EXTI4_IRQHandler
                0x0000000008001310                DMA1_Channel3_IRQHandler
                0x0000000008001310                WWDG_IRQHandler
                0x0000000008001310                EXTI1_IRQHandler
                0x0000000008001310                COMP4_6_IRQHandler
                0x0000000008001310                USART2_IRQHandler
                0x0000000008001310                I2C2_ER_IRQHandler
                0x0000000008001310                DMA1_Channel2_IRQHandler
                0x0000000008001310                FLASH_IRQHandler
                0x0000000008001310                SPI3_IRQHandler
                0x0000000008001310                I2C1_ER_IRQHandler
                0x0000000008001310                USBWakeUp_IRQHandler
                0x0000000008001310                EXTI2_TSC_IRQHandler
 *fill*         0x0000000008001312        0x2 
 .text.HAL_Init
                0x0000000008001314       0x2c Drivers/STM32F3xx_HAL_Driver/Src/stm32f3xx_hal.o
                0x0000000008001314                HAL_Init
 .text.HAL_InitTick
                0x0000000008001340       0x60 Drivers/STM32F3xx_HAL_Driver/Src/stm32f3xx_hal.o
                0x0000000008001340                HAL_InitTick
 .text.HAL_IncTick
                0x00000000080013a0       0x28 Drivers/STM32F3xx_HAL_Driver/Src/stm32f3xx_hal.o
                0x00000000080013a0                HAL_IncTick
 .text.HAL_GetTick
                0x00000000080013c8       0x18 Drivers/STM32F3xx_HAL_Driver/Src/stm32f3xx_hal.o
                0x00000000080013c8                HAL_GetTick
 .text.HAL_Delay
                0x00000000080013e0       0x44 Drivers/STM32F3xx_HAL_Driver/Src/stm32f3xx_hal.o
                0x00000000080013e0                HAL_Delay
 .text.HAL_ADC_ConvCpltCallback
                0x0000000008001424       0x14 Drivers/STM32F3xx_HAL_Driver/Src/stm32f3xx_hal_adc.o
                0x0000000008001424                HAL_ADC_ConvCpltCallback
 .text.HAL_ADC_LevelOutOfWindowCallback
                0x0000000008001438       0x14 Drivers/STM32F3xx_HAL_Driver/Src/stm32f3xx_hal_adc.o
                0x0000000008001438                HAL_ADC_LevelOutOfWindowCallback
 .text.HAL_ADC_ErrorCallback
                0x000000000800144c       0x14 Drivers/STM32F3xx_HAL_Driver/Src/stm32f3xx_hal_adc.o
                0x000000000800144c                HAL_ADC_ErrorCallback
 .text.HAL_ADC_Init
                0x0000000008001460      0x30c Drivers/STM32F3xx_HAL_Driver/Src/stm32f3xx_hal_adc_ex.o
                0x0000000008001460                HAL_ADC_Init
 .text.HAL_ADC_Start_IT
                0x000000000800176c      0x130 Drivers/STM32F3xx_HAL_Driver/Src/stm32f3xx_hal_adc_ex.o
                0x000000000800176c                HAL_ADC_Start_IT
 .text.HAL_ADC_IRQHandler
                0x000000000800189c      0x390 Drivers/STM32F3xx_HAL_Driver/Src/stm32f3xx_hal_adc_ex.o
                0x000000000800189c                HAL_ADC_IRQHandler
 .text.HAL_ADCEx_InjectedConvCpltCallback
                0x0000000008001c2c       0x14 Drivers/STM32F3xx_HAL_Driver/Src/stm32f3xx_hal_adc_ex.o
                0x0000000008001c2c                HAL_ADCEx_InjectedConvCpltCallback
 .text.HAL_ADCEx_InjectedQueueOverflowCallback
                0x0000000008001c40       0x14 Drivers/STM32F3xx_HAL_Driver/Src/stm32f3xx_hal_adc_ex.o
                0x0000000008001c40                HAL_ADCEx_InjectedQueueOverflowCallback
 .text.HAL_ADCEx_LevelOutOfWindow2Callback
                0x0000000008001c54       0x14 Drivers/STM32F3xx_HAL_Driver/Src/stm32f3xx_hal_adc_ex.o
                0x0000000008001c54                HAL_ADCEx_LevelOutOfWindow2Callback
 .text.HAL_ADCEx_LevelOutOfWindow3Callback
                0x0000000008001c68       0x14 Drivers/STM32F3xx_HAL_Driver/Src/stm32f3xx_hal_adc_ex.o
                0x0000000008001c68                HAL_ADCEx_LevelOutOfWindow3Callback
 .text.HAL_ADC_ConfigChannel
                0x0000000008001c7c      0x56c Drivers/STM32F3xx_HAL_Driver/Src/stm32f3xx_hal_adc_ex.o
                0x0000000008001c7c                HAL_ADC_ConfigChannel
 .text.ADC_Enable
                0x00000000080021e8       0xbc Drivers/STM32F3xx_HAL_Driver/Src/stm32f3xx_hal_adc_ex.o
 .text.ADC_Disable
                0x00000000080022a4       0xbe Drivers/STM32F3xx_HAL_Driver/Src/stm32f3xx_hal_adc_ex.o
 *fill*         0x0000000008002362        0x2 
 .text.__NVIC_SetPriorityGrouping
                0x0000000008002364       0x48 Drivers/STM32F3xx_HAL_Driver/Src/stm32f3xx_hal_cortex.o
 .text.__NVIC_GetPriorityGrouping
                0x00000000080023ac       0x1c Drivers/STM32F3xx_HAL_Driver/Src/stm32f3xx_hal_cortex.o
 .text.__NVIC_EnableIRQ
                0x00000000080023c8       0x3c Drivers/STM32F3xx_HAL_Driver/Src/stm32f3xx_hal_cortex.o
 .text.__NVIC_SetPriority
                0x0000000008002404       0x54 Drivers/STM32F3xx_HAL_Driver/Src/stm32f3xx_hal_cortex.o
 .text.NVIC_EncodePriority
                0x0000000008002458       0x66 Drivers/STM32F3xx_HAL_Driver/Src/stm32f3xx_hal_cortex.o
 *fill*         0x00000000080024be        0x2 
 .text.SysTick_Config
                0x00000000080024c0       0x44 Drivers/STM32F3xx_HAL_Driver/Src/stm32f3xx_hal_cortex.o
 .text.HAL_NVIC_SetPriorityGrouping
                0x0000000008002504       0x16 Drivers/STM32F3xx_HAL_Driver/Src/stm32f3xx_hal_cortex.o
                0x0000000008002504                HAL_NVIC_SetPriorityGrouping
 .text.HAL_NVIC_SetPriority
                0x000000000800251a       0x38 Drivers/STM32F3xx_HAL_Driver/Src/stm32f3xx_hal_cortex.o
                0x000000000800251a                HAL_NVIC_SetPriority
 .text.HAL_NVIC_EnableIRQ
                0x0000000008002552       0x1c Drivers/STM32F3xx_HAL_Driver/Src/stm32f3xx_hal_cortex.o
                0x0000000008002552                HAL_NVIC_EnableIRQ
 .text.HAL_SYSTICK_Config
                0x000000000800256e       0x18 Drivers/STM32F3xx_HAL_Driver/Src/stm32f3xx_hal_cortex.o
                0x000000000800256e                HAL_SYSTICK_Config
 .text.HAL_DMA_Init
                0x0000000008002586       0x8e Drivers/STM32F3xx_HAL_Driver/Src/stm32f3xx_hal_dma.o
                0x0000000008002586                HAL_DMA_Init
 .text.HAL_DMA_Abort_IT
                0x0000000008002614       0x7c Drivers/STM32F3xx_HAL_Driver/Src/stm32f3xx_hal_dma.o
                0x0000000008002614                HAL_DMA_Abort_IT
 .text.HAL_DMA_IRQHandler
                0x0000000008002690      0x146 Drivers/STM32F3xx_HAL_Driver/Src/stm32f3xx_hal_dma.o
                0x0000000008002690                HAL_DMA_IRQHandler
 *fill*         0x00000000080027d6        0x2 
 .text.DMA_CalcBaseAndBitshift
                0x00000000080027d8       0x40 Drivers/STM32F3xx_HAL_Driver/Src/stm32f3xx_hal_dma.o
 .text.HAL_GPIO_Init
                0x0000000008002818      0x2e4 Drivers/STM32F3xx_HAL_Driver/Src/stm32f3xx_hal_gpio.o
                0x0000000008002818                HAL_GPIO_Init
 .text.HAL_GPIO_WritePin
                0x0000000008002afc       0x30 Drivers/STM32F3xx_HAL_Driver/Src/stm32f3xx_hal_gpio.o
                0x0000000008002afc                HAL_GPIO_WritePin
 .text.HAL_GPIO_TogglePin
                0x0000000008002b2c       0x34 Drivers/STM32F3xx_HAL_Driver/Src/stm32f3xx_hal_gpio.o
                0x0000000008002b2c                HAL_GPIO_TogglePin
 .text.HAL_GPIO_EXTI_IRQHandler
                0x0000000008002b60       0x30 Drivers/STM32F3xx_HAL_Driver/Src/stm32f3xx_hal_gpio.o
                0x0000000008002b60                HAL_GPIO_EXTI_IRQHandler
 .text.HAL_GPIO_EXTI_Callback
                0x0000000008002b90       0x16 Drivers/STM32F3xx_HAL_Driver/Src/stm32f3xx_hal_gpio.o
                0x0000000008002b90                HAL_GPIO_EXTI_Callback
 *fill*         0x0000000008002ba6        0x2 
 .text.HAL_RCC_OscConfig
                0x0000000008002ba8      0xe10 Drivers/STM32F3xx_HAL_Driver/Src/stm32f3xx_hal_rcc.o
                0x0000000008002ba8                HAL_RCC_OscConfig
 .text.HAL_RCC_ClockConfig
                0x00000000080039b8      0x2f8 Drivers/STM32F3xx_HAL_Driver/Src/stm32f3xx_hal_rcc.o
                0x00000000080039b8                HAL_RCC_ClockConfig
 .text.HAL_RCC_GetSysClockFreq
                0x0000000008003cb0       0xd4 Drivers/STM32F3xx_HAL_Driver/Src/stm32f3xx_hal_rcc.o
                0x0000000008003cb0                HAL_RCC_GetSysClockFreq
 .text.HAL_RCC_GetHCLKFreq
                0x0000000008003d84       0x18 Drivers/STM32F3xx_HAL_Driver/Src/stm32f3xx_hal_rcc.o
                0x0000000008003d84                HAL_RCC_GetHCLKFreq
 .text.HAL_RCC_GetPCLK1Freq
                0x0000000008003d9c       0x44 Drivers/STM32F3xx_HAL_Driver/Src/stm32f3xx_hal_rcc.o
                0x0000000008003d9c                HAL_RCC_GetPCLK1Freq
 .text.HAL_RCC_GetPCLK2Freq
                0x0000000008003de0       0x44 Drivers/STM32F3xx_HAL_Driver/Src/stm32f3xx_hal_rcc.o
                0x0000000008003de0                HAL_RCC_GetPCLK2Freq
 .text.HAL_RCCEx_PeriphCLKConfig
                0x0000000008003e24      0x324 Drivers/STM32F3xx_HAL_Driver/Src/stm32f3xx_hal_rcc_ex.o
                0x0000000008003e24                HAL_RCCEx_PeriphCLKConfig
 .text.HAL_TIM_Base_Init
                0x0000000008004148       0x56 Drivers/STM32F3xx_HAL_Driver/Src/stm32f3xx_hal_tim.o
                0x0000000008004148                HAL_TIM_Base_Init
 *fill*         0x000000000800419e        0x2 
 .text.HAL_TIM_Base_Start_IT
                0x00000000080041a0       0x54 Drivers/STM32F3xx_HAL_Driver/Src/stm32f3xx_hal_tim.o
                0x00000000080041a0                HAL_TIM_Base_Start_IT
 .text.HAL_TIM_OC_Init
                0x00000000080041f4       0x56 Drivers/STM32F3xx_HAL_Driver/Src/stm32f3xx_hal_tim.o
                0x00000000080041f4                HAL_TIM_OC_Init
 .text.HAL_TIM_OC_MspInit
                0x000000000800424a       0x14 Drivers/STM32F3xx_HAL_Driver/Src/stm32f3xx_hal_tim.o
                0x000000000800424a                HAL_TIM_OC_MspInit
 *fill*         0x000000000800425e        0x2 
 .text.HAL_TIM_OC_Start_IT
                0x0000000008004260      0x130 Drivers/STM32F3xx_HAL_Driver/Src/stm32f3xx_hal_tim.o
                0x0000000008004260                HAL_TIM_OC_Start_IT
 .text.HAL_TIM_PWM_Init
                0x0000000008004390       0x56 Drivers/STM32F3xx_HAL_Driver/Src/stm32f3xx_hal_tim.o
                0x0000000008004390                HAL_TIM_PWM_Init
 *fill*         0x00000000080043e6        0x2 
 .text.HAL_TIM_PWM_Start
                0x00000000080043e8       0xa4 Drivers/STM32F3xx_HAL_Driver/Src/stm32f3xx_hal_tim.o
                0x00000000080043e8                HAL_TIM_PWM_Start
 .text.HAL_TIM_OnePulse_Init
                0x000000000800448c       0x78 Drivers/STM32F3xx_HAL_Driver/Src/stm32f3xx_hal_tim.o
                0x000000000800448c                HAL_TIM_OnePulse_Init
 .text.HAL_TIM_OnePulse_MspInit
                0x0000000008004504       0x14 Drivers/STM32F3xx_HAL_Driver/Src/stm32f3xx_hal_tim.o
                0x0000000008004504                HAL_TIM_OnePulse_MspInit
 .text.HAL_TIM_IRQHandler
                0x0000000008004518      0x23e Drivers/STM32F3xx_HAL_Driver/Src/stm32f3xx_hal_tim.o
                0x0000000008004518                HAL_TIM_IRQHandler
 *fill*         0x0000000008004756        0x2 
 .text.HAL_TIM_OC_ConfigChannel
                0x0000000008004758       0xfc Drivers/STM32F3xx_HAL_Driver/Src/stm32f3xx_hal_tim.o
                0x0000000008004758                HAL_TIM_OC_ConfigChannel
 .text.HAL_TIM_PWM_ConfigChannel
                0x0000000008004854      0x230 Drivers/STM32F3xx_HAL_Driver/Src/stm32f3xx_hal_tim.o
                0x0000000008004854                HAL_TIM_PWM_ConfigChannel
 .text.HAL_TIM_ConfigClockSource
                0x0000000008004a84      0x172 Drivers/STM32F3xx_HAL_Driver/Src/stm32f3xx_hal_tim.o
                0x0000000008004a84                HAL_TIM_ConfigClockSource
 .text.HAL_TIM_SlaveConfigSynchro
                0x0000000008004bf6       0x84 Drivers/STM32F3xx_HAL_Driver/Src/stm32f3xx_hal_tim.o
                0x0000000008004bf6                HAL_TIM_SlaveConfigSynchro
 .text.HAL_TIM_PeriodElapsedCallback
                0x0000000008004c7a       0x14 Drivers/STM32F3xx_HAL_Driver/Src/stm32f3xx_hal_tim.o
                0x0000000008004c7a                HAL_TIM_PeriodElapsedCallback
 .text.HAL_TIM_OC_DelayElapsedCallback
                0x0000000008004c8e       0x14 Drivers/STM32F3xx_HAL_Driver/Src/stm32f3xx_hal_tim.o
                0x0000000008004c8e                HAL_TIM_OC_DelayElapsedCallback
 .text.HAL_TIM_IC_CaptureCallback
                0x0000000008004ca2       0x14 Drivers/STM32F3xx_HAL_Driver/Src/stm32f3xx_hal_tim.o
                0x0000000008004ca2                HAL_TIM_IC_CaptureCallback
 .text.HAL_TIM_PWM_PulseFinishedCallback
                0x0000000008004cb6       0x14 Drivers/STM32F3xx_HAL_Driver/Src/stm32f3xx_hal_tim.o
                0x0000000008004cb6                HAL_TIM_PWM_PulseFinishedCallback
 .text.HAL_TIM_TriggerCallback
                0x0000000008004cca       0x14 Drivers/STM32F3xx_HAL_Driver/Src/stm32f3xx_hal_tim.o
                0x0000000008004cca                HAL_TIM_TriggerCallback
 *fill*         0x0000000008004cde        0x2 
 .text.TIM_Base_SetConfig
                0x0000000008004ce0       0xdc Drivers/STM32F3xx_HAL_Driver/Src/stm32f3xx_hal_tim.o
                0x0000000008004ce0                TIM_Base_SetConfig
 .text.TIM_OC1_SetConfig
                0x0000000008004dbc      0x10c Drivers/STM32F3xx_HAL_Driver/Src/stm32f3xx_hal_tim.o
 .text.TIM_OC2_SetConfig
                0x0000000008004ec8      0x100 Drivers/STM32F3xx_HAL_Driver/Src/stm32f3xx_hal_tim.o
                0x0000000008004ec8                TIM_OC2_SetConfig
 .text.TIM_OC3_SetConfig
                0x0000000008004fc8       0xfc Drivers/STM32F3xx_HAL_Driver/Src/stm32f3xx_hal_tim.o
 .text.TIM_OC4_SetConfig
                0x00000000080050c4       0xc8 Drivers/STM32F3xx_HAL_Driver/Src/stm32f3xx_hal_tim.o
 .text.TIM_OC5_SetConfig
                0x000000000800518c       0xbc Drivers/STM32F3xx_HAL_Driver/Src/stm32f3xx_hal_tim.o
 .text.TIM_OC6_SetConfig
                0x0000000008005248       0xc0 Drivers/STM32F3xx_HAL_Driver/Src/stm32f3xx_hal_tim.o
 .text.TIM_SlaveTimer_SetConfig
                0x0000000008005308      0x110 Drivers/STM32F3xx_HAL_Driver/Src/stm32f3xx_hal_tim.o
 .text.TIM_TI1_ConfigInputStage
                0x0000000008005418       0x5e Drivers/STM32F3xx_HAL_Driver/Src/stm32f3xx_hal_tim.o
 .text.TIM_TI2_ConfigInputStage
                0x0000000008005476       0x60 Drivers/STM32F3xx_HAL_Driver/Src/stm32f3xx_hal_tim.o
 .text.TIM_ITRx_SetConfig
                0x00000000080054d6       0x36 Drivers/STM32F3xx_HAL_Driver/Src/stm32f3xx_hal_tim.o
 .text.TIM_ETR_SetConfig
                0x000000000800550c       0x40 Drivers/STM32F3xx_HAL_Driver/Src/stm32f3xx_hal_tim.o
                0x000000000800550c                TIM_ETR_SetConfig
 .text.TIM_CCxChannelCmd
                0x000000000800554c       0x4a Drivers/STM32F3xx_HAL_Driver/Src/stm32f3xx_hal_tim.o
                0x000000000800554c                TIM_CCxChannelCmd
 *fill*         0x0000000008005596        0x2 
 .text.HAL_TIMEx_PWMN_Start
                0x0000000008005598       0x60 Drivers/STM32F3xx_HAL_Driver/Src/stm32f3xx_hal_tim_ex.o
                0x0000000008005598                HAL_TIMEx_PWMN_Start
 .text.HAL_TIMEx_MasterConfigSynchronization
                0x00000000080055f8       0xcc Drivers/STM32F3xx_HAL_Driver/Src/stm32f3xx_hal_tim_ex.o
                0x00000000080055f8                HAL_TIMEx_MasterConfigSynchronization
 .text.HAL_TIMEx_ConfigBreakDeadTime
                0x00000000080056c4       0xf0 Drivers/STM32F3xx_HAL_Driver/Src/stm32f3xx_hal_tim_ex.o
                0x00000000080056c4                HAL_TIMEx_ConfigBreakDeadTime
 .text.HAL_TIMEx_CommutCallback
                0x00000000080057b4       0x14 Drivers/STM32F3xx_HAL_Driver/Src/stm32f3xx_hal_tim_ex.o
                0x00000000080057b4                HAL_TIMEx_CommutCallback
 .text.HAL_TIMEx_BreakCallback
                0x00000000080057c8       0x14 Drivers/STM32F3xx_HAL_Driver/Src/stm32f3xx_hal_tim_ex.o
                0x00000000080057c8                HAL_TIMEx_BreakCallback
 .text.HAL_TIMEx_Break2Callback
                0x00000000080057dc       0x14 Drivers/STM32F3xx_HAL_Driver/Src/stm32f3xx_hal_tim_ex.o
                0x00000000080057dc                HAL_TIMEx_Break2Callback
 .text.TIM_CCxNChannelCmd
                0x00000000080057f0       0x4a Drivers/STM32F3xx_HAL_Driver/Src/stm32f3xx_hal_tim_ex.o
 .text.HAL_UART_Init
                0x000000000800583a       0x9c Drivers/STM32F3xx_HAL_Driver/Src/stm32f3xx_hal_uart.o
                0x000000000800583a                HAL_UART_Init
 *fill*         0x00000000080058d6        0x2 
 .text.HAL_UART_IRQHandler
                0x00000000080058d8      0x28c Drivers/STM32F3xx_HAL_Driver/Src/stm32f3xx_hal_uart.o
                0x00000000080058d8                HAL_UART_IRQHandler
 .text.HAL_UART_TxCpltCallback
                0x0000000008005b64       0x14 Drivers/STM32F3xx_HAL_Driver/Src/stm32f3xx_hal_uart.o
                0x0000000008005b64                HAL_UART_TxCpltCallback
 .text.HAL_UART_ErrorCallback
                0x0000000008005b78       0x14 Drivers/STM32F3xx_HAL_Driver/Src/stm32f3xx_hal_uart.o
                0x0000000008005b78                HAL_UART_ErrorCallback
 .text.UART_SetConfig
                0x0000000008005b8c      0x304 Drivers/STM32F3xx_HAL_Driver/Src/stm32f3xx_hal_uart.o
                0x0000000008005b8c                UART_SetConfig
 .text.UART_AdvFeatureConfig
                0x0000000008005e90      0x144 Drivers/STM32F3xx_HAL_Driver/Src/stm32f3xx_hal_uart.o
                0x0000000008005e90                UART_AdvFeatureConfig
 .text.UART_CheckIdleState
                0x0000000008005fd4       0x8a Drivers/STM32F3xx_HAL_Driver/Src/stm32f3xx_hal_uart.o
                0x0000000008005fd4                UART_CheckIdleState
 .text.UART_WaitOnFlagUntilTimeout
                0x000000000800605e       0xf6 Drivers/STM32F3xx_HAL_Driver/Src/stm32f3xx_hal_uart.o
                0x000000000800605e                UART_WaitOnFlagUntilTimeout
 .text.UART_EndRxTransfer
                0x0000000008006154       0x40 Drivers/STM32F3xx_HAL_Driver/Src/stm32f3xx_hal_uart.o
 .text.UART_DMAAbortOnError
                0x0000000008006194       0x2c Drivers/STM32F3xx_HAL_Driver/Src/stm32f3xx_hal_uart.o
 .text.UART_EndTransmit_IT
                0x00000000080061c0       0x32 Drivers/STM32F3xx_HAL_Driver/Src/stm32f3xx_hal_uart.o
 .text.HAL_UARTEx_WakeupCallback
                0x00000000080061f2       0x14 Drivers/STM32F3xx_HAL_Driver/Src/stm32f3xx_hal_uart_ex.o
                0x00000000080061f2                HAL_UARTEx_WakeupCallback
 *fill*         0x0000000008006206        0x2 
 .text.__libc_init_array
                0x0000000008006208       0x48 c:/st/stm32cubeide_1.3.0/stm32cubeide/plugins/com.st.stm32cube.ide.mcu.externaltools.gnu-tools-for-stm32.7-2018-q2-update.win32_1.0.0.201904181610/tools/bin/../lib/gcc/arm-none-eabi/7.3.1/../../../../arm-none-eabi/lib/thumb/v7e-m/fpv4-sp/hard\libc_nano.a(lib_a-init.o)
                0x0000000008006208                __libc_init_array
 .text.memset   0x0000000008006250       0x10 c:/st/stm32cubeide_1.3.0/stm32cubeide/plugins/com.st.stm32cube.ide.mcu.externaltools.gnu-tools-for-stm32.7-2018-q2-update.win32_1.0.0.201904181610/tools/bin/../lib/gcc/arm-none-eabi/7.3.1/../../../../arm-none-eabi/lib/thumb/v7e-m/fpv4-sp/hard\libc_nano.a(lib_a-memset.o)
                0x0000000008006250                memset
 *(.glue_7)
 .glue_7        0x0000000008006260        0x0 linker stubs
 *(.glue_7t)
 .glue_7t       0x0000000008006260        0x0 linker stubs
 *(.eh_frame)
 .eh_frame      0x0000000008006260        0x0 c:/st/stm32cubeide_1.3.0/stm32cubeide/plugins/com.st.stm32cube.ide.mcu.externaltools.gnu-tools-for-stm32.7-2018-q2-update.win32_1.0.0.201904181610/tools/bin/../lib/gcc/arm-none-eabi/7.3.1/thumb/v7e-m/fpv4-sp/hard/crtbegin.o
 *(.init)
 .init          0x0000000008006260        0x4 c:/st/stm32cubeide_1.3.0/stm32cubeide/plugins/com.st.stm32cube.ide.mcu.externaltools.gnu-tools-for-stm32.7-2018-q2-update.win32_1.0.0.201904181610/tools/bin/../lib/gcc/arm-none-eabi/7.3.1/thumb/v7e-m/fpv4-sp/hard/crti.o
                0x0000000008006260                _init
 .init          0x0000000008006264        0x8 c:/st/stm32cubeide_1.3.0/stm32cubeide/plugins/com.st.stm32cube.ide.mcu.externaltools.gnu-tools-for-stm32.7-2018-q2-update.win32_1.0.0.201904181610/tools/bin/../lib/gcc/arm-none-eabi/7.3.1/thumb/v7e-m/fpv4-sp/hard/crtn.o
 *(.fini)
 .fini          0x000000000800626c        0x4 c:/st/stm32cubeide_1.3.0/stm32cubeide/plugins/com.st.stm32cube.ide.mcu.externaltools.gnu-tools-for-stm32.7-2018-q2-update.win32_1.0.0.201904181610/tools/bin/../lib/gcc/arm-none-eabi/7.3.1/thumb/v7e-m/fpv4-sp/hard/crti.o
                0x000000000800626c                _fini
 .fini          0x0000000008006270        0x8 c:/st/stm32cubeide_1.3.0/stm32cubeide/plugins/com.st.stm32cube.ide.mcu.externaltools.gnu-tools-for-stm32.7-2018-q2-update.win32_1.0.0.201904181610/tools/bin/../lib/gcc/arm-none-eabi/7.3.1/thumb/v7e-m/fpv4-sp/hard/crtn.o
                0x0000000008006278                . = ALIGN (0x4)
                0x0000000008006278                _etext = .

.vfp11_veneer   0x0000000008006278        0x0
 .vfp11_veneer  0x0000000008006278        0x0 linker stubs

.v4_bx          0x0000000008006278        0x0
 .v4_bx         0x0000000008006278        0x0 linker stubs

.iplt           0x0000000008006278        0x0
 .iplt          0x0000000008006278        0x0 c:/st/stm32cubeide_1.3.0/stm32cubeide/plugins/com.st.stm32cube.ide.mcu.externaltools.gnu-tools-for-stm32.7-2018-q2-update.win32_1.0.0.201904181610/tools/bin/../lib/gcc/arm-none-eabi/7.3.1/thumb/v7e-m/fpv4-sp/hard/crtbegin.o

.rodata         0x0000000008006278       0x38
                0x0000000008006278                . = ALIGN (0x4)
 *(.rodata)
 *(.rodata*)
 .rodata.AHBPrescTable
                0x0000000008006278       0x10 Core/Src/system_stm32f3xx.o
                0x0000000008006278                AHBPrescTable
 .rodata.APBPrescTable
                0x0000000008006288        0x8 Core/Src/system_stm32f3xx.o
                0x0000000008006288                APBPrescTable
 .rodata.aPLLMULFactorTable
                0x0000000008006290       0x10 Drivers/STM32F3xx_HAL_Driver/Src/stm32f3xx_hal_rcc.o
                0x0000000008006290                aPLLMULFactorTable
 .rodata.aPredivFactorTable
                0x00000000080062a0       0x10 Drivers/STM32F3xx_HAL_Driver/Src/stm32f3xx_hal_rcc.o
                0x00000000080062a0                aPredivFactorTable
                0x00000000080062b0                . = ALIGN (0x4)

.rel.dyn        0x00000000080062b0        0x0
 .rel.iplt      0x00000000080062b0        0x0 c:/st/stm32cubeide_1.3.0/stm32cubeide/plugins/com.st.stm32cube.ide.mcu.externaltools.gnu-tools-for-stm32.7-2018-q2-update.win32_1.0.0.201904181610/tools/bin/../lib/gcc/arm-none-eabi/7.3.1/thumb/v7e-m/fpv4-sp/hard/crtbegin.o

.ARM.extab      0x00000000080062b0        0x0
                0x00000000080062b0                . = ALIGN (0x4)
 *(.ARM.extab* .gnu.linkonce.armextab.*)
                0x00000000080062b0                . = ALIGN (0x4)

.ARM            0x00000000080062b0        0x0
                0x00000000080062b0                . = ALIGN (0x4)
                0x00000000080062b0                __exidx_start = .
 *(.ARM.exidx*)
                0x00000000080062b0                __exidx_end = .
                0x00000000080062b0                . = ALIGN (0x4)

.preinit_array  0x00000000080062b0        0x0
                0x00000000080062b0                . = ALIGN (0x4)
                0x00000000080062b0                PROVIDE (__preinit_array_start = .)
 *(.preinit_array*)
                0x00000000080062b0                PROVIDE (__preinit_array_end = .)
                0x00000000080062b0                . = ALIGN (0x4)

.init_array     0x00000000080062b0        0x4
                0x00000000080062b0                . = ALIGN (0x4)
                0x00000000080062b0                PROVIDE (__init_array_start = .)
 *(SORT_BY_NAME(.init_array.*))
 *(.init_array*)
 .init_array    0x00000000080062b0        0x4 c:/st/stm32cubeide_1.3.0/stm32cubeide/plugins/com.st.stm32cube.ide.mcu.externaltools.gnu-tools-for-stm32.7-2018-q2-update.win32_1.0.0.201904181610/tools/bin/../lib/gcc/arm-none-eabi/7.3.1/thumb/v7e-m/fpv4-sp/hard/crtbegin.o
                0x00000000080062b4                PROVIDE (__init_array_end = .)
                0x00000000080062b4                . = ALIGN (0x4)

.fini_array     0x00000000080062b4        0x4
                0x00000000080062b4                . = ALIGN (0x4)
                [!provide]                        PROVIDE (__fini_array_start = .)
 *(SORT_BY_NAME(.fini_array.*))
 *(.fini_array*)
 .fini_array    0x00000000080062b4        0x4 c:/st/stm32cubeide_1.3.0/stm32cubeide/plugins/com.st.stm32cube.ide.mcu.externaltools.gnu-tools-for-stm32.7-2018-q2-update.win32_1.0.0.201904181610/tools/bin/../lib/gcc/arm-none-eabi/7.3.1/thumb/v7e-m/fpv4-sp/hard/crtbegin.o
                [!provide]                        PROVIDE (__fini_array_end = .)
                0x00000000080062b8                . = ALIGN (0x4)
                0x00000000080062b8                _sidata = LOADADDR (.data)

.data           0x0000000020000000        0xc load address 0x00000000080062b8
                0x0000000020000000                . = ALIGN (0x4)
                0x0000000020000000                _sdata = .
 *(.data)
 *(.data*)
 .data.SystemCoreClock
                0x0000000020000000        0x4 Core/Src/system_stm32f3xx.o
                0x0000000020000000                SystemCoreClock
 .data.uwTickPrio
                0x0000000020000004        0x4 Drivers/STM32F3xx_HAL_Driver/Src/stm32f3xx_hal.o
                0x0000000020000004                uwTickPrio
 .data.uwTickFreq
                0x0000000020000008        0x1 Drivers/STM32F3xx_HAL_Driver/Src/stm32f3xx_hal.o
                0x0000000020000008                uwTickFreq
                0x000000002000000c                . = ALIGN (0x4)
 *fill*         0x0000000020000009        0x3 
                0x000000002000000c                _edata = .

.igot.plt       0x000000002000000c        0x0 load address 0x00000000080062c4
 .igot.plt      0x000000002000000c        0x0 c:/st/stm32cubeide_1.3.0/stm32cubeide/plugins/com.st.stm32cube.ide.mcu.externaltools.gnu-tools-for-stm32.7-2018-q2-update.win32_1.0.0.201904181610/tools/bin/../lib/gcc/arm-none-eabi/7.3.1/thumb/v7e-m/fpv4-sp/hard/crtbegin.o
                0x000000002000000c                . = ALIGN (0x4)

.bss            0x000000002000000c      0x1fc load address 0x00000000080062c4
                0x000000002000000c                _sbss = .
                0x000000002000000c                __bss_start__ = _sbss
 *(.bss)
 .bss           0x000000002000000c       0x1c c:/st/stm32cubeide_1.3.0/stm32cubeide/plugins/com.st.stm32cube.ide.mcu.externaltools.gnu-tools-for-stm32.7-2018-q2-update.win32_1.0.0.201904181610/tools/bin/../lib/gcc/arm-none-eabi/7.3.1/thumb/v7e-m/fpv4-sp/hard/crtbegin.o
 *(.bss*)
 .bss.hadc1     0x0000000020000028       0x50 Core/Src/main.o
                0x0000000020000028                hadc1
 .bss.hdma_adc1
                0x0000000020000078       0x44 Core/Src/main.o
                0x0000000020000078                hdma_adc1
 .bss.htim1     0x00000000200000bc       0x40 Core/Src/main.o
                0x00000000200000bc                htim1
 .bss.htim2     0x00000000200000fc       0x40 Core/Src/main.o
                0x00000000200000fc                htim2
 .bss.htim6     0x000000002000013c       0x40 Core/Src/main.o
                0x000000002000013c                htim6
 .bss.huart1    0x000000002000017c       0x80 Core/Src/main.o
                0x000000002000017c                huart1
 .bss._ZZ4mainE4duty
                0x00000000200001fc        0x4 Core/Src/main.o
 .bss.duty.8350
                0x0000000020000200        0x4 Core/Src/stm32f3xx_it.o
 *(COMMON)
 COMMON         0x0000000020000204        0x4 Drivers/STM32F3xx_HAL_Driver/Src/stm32f3xx_hal.o
                0x0000000020000204                uwTick
                0x0000000020000208                . = ALIGN (0x4)
                0x0000000020000208                _ebss = .
                0x0000000020000208                __bss_end__ = _ebss

._user_heap_stack
                0x0000000020000208      0x600 load address 0x00000000080062c4
                0x0000000020000208                . = ALIGN (0x8)
                0x0000000020000208                PROVIDE (end = .)
                [!provide]                        PROVIDE (_end = .)
                0x0000000020000408                . = (. + _Min_Heap_Size)
 *fill*         0x0000000020000208      0x200 
                0x0000000020000808                . = (. + _Min_Stack_Size)
 *fill*         0x0000000020000408      0x400 
                0x0000000020000808                . = ALIGN (0x8)

/DISCARD/
 libc.a(*)
 libm.a(*)
 libgcc.a(*)

.ARM.attributes
                0x0000000000000000       0x30
 *(.ARM.attributes)
 .ARM.attributes
                0x0000000000000000       0x22 c:/st/stm32cubeide_1.3.0/stm32cubeide/plugins/com.st.stm32cube.ide.mcu.externaltools.gnu-tools-for-stm32.7-2018-q2-update.win32_1.0.0.201904181610/tools/bin/../lib/gcc/arm-none-eabi/7.3.1/thumb/v7e-m/fpv4-sp/hard/crti.o
 .ARM.attributes
                0x0000000000000022       0x34 c:/st/stm32cubeide_1.3.0/stm32cubeide/plugins/com.st.stm32cube.ide.mcu.externaltools.gnu-tools-for-stm32.7-2018-q2-update.win32_1.0.0.201904181610/tools/bin/../lib/gcc/arm-none-eabi/7.3.1/thumb/v7e-m/fpv4-sp/hard/crtbegin.o
 .ARM.attributes
                0x0000000000000056       0x39 Application/PhasesControl.o
 .ARM.attributes
                0x000000000000008f       0x39 Core/Src/main.o
 .ARM.attributes
                0x00000000000000c8       0x39 Core/Src/stm32f3xx_hal_msp.o
 .ARM.attributes
                0x0000000000000101       0x39 Core/Src/stm32f3xx_it.o
 .ARM.attributes
                0x000000000000013a       0x39 Core/Src/system_stm32f3xx.o
 .ARM.attributes
                0x0000000000000173       0x21 Core/Startup/startup_stm32f302r8tx.o
 .ARM.attributes
                0x0000000000000194       0x39 Drivers/STM32F3xx_HAL_Driver/Src/stm32f3xx_hal.o
 .ARM.attributes
                0x00000000000001cd       0x39 Drivers/STM32F3xx_HAL_Driver/Src/stm32f3xx_hal_adc.o
 .ARM.attributes
                0x0000000000000206       0x39 Drivers/STM32F3xx_HAL_Driver/Src/stm32f3xx_hal_adc_ex.o
 .ARM.attributes
                0x000000000000023f       0x39 Drivers/STM32F3xx_HAL_Driver/Src/stm32f3xx_hal_cortex.o
 .ARM.attributes
                0x0000000000000278       0x39 Drivers/STM32F3xx_HAL_Driver/Src/stm32f3xx_hal_dma.o
 .ARM.attributes
                0x00000000000002b1       0x39 Drivers/STM32F3xx_HAL_Driver/Src/stm32f3xx_hal_gpio.o
 .ARM.attributes
                0x00000000000002ea       0x39 Drivers/STM32F3xx_HAL_Driver/Src/stm32f3xx_hal_rcc.o
 .ARM.attributes
                0x0000000000000323       0x39 Drivers/STM32F3xx_HAL_Driver/Src/stm32f3xx_hal_rcc_ex.o
 .ARM.attributes
                0x000000000000035c       0x39 Drivers/STM32F3xx_HAL_Driver/Src/stm32f3xx_hal_tim.o
 .ARM.attributes
                0x0000000000000395       0x39 Drivers/STM32F3xx_HAL_Driver/Src/stm32f3xx_hal_tim_ex.o
 .ARM.attributes
                0x00000000000003ce       0x39 Drivers/STM32F3xx_HAL_Driver/Src/stm32f3xx_hal_uart.o
 .ARM.attributes
                0x0000000000000407       0x39 Drivers/STM32F3xx_HAL_Driver/Src/stm32f3xx_hal_uart_ex.o
 .ARM.attributes
                0x0000000000000440       0x34 c:/st/stm32cubeide_1.3.0/stm32cubeide/plugins/com.st.stm32cube.ide.mcu.externaltools.gnu-tools-for-stm32.7-2018-q2-update.win32_1.0.0.201904181610/tools/bin/../lib/gcc/arm-none-eabi/7.3.1/../../../../arm-none-eabi/lib/thumb/v7e-m/fpv4-sp/hard\libc_nano.a(lib_a-init.o)
 .ARM.attributes
                0x0000000000000474       0x34 c:/st/stm32cubeide_1.3.0/stm32cubeide/plugins/com.st.stm32cube.ide.mcu.externaltools.gnu-tools-for-stm32.7-2018-q2-update.win32_1.0.0.201904181610/tools/bin/../lib/gcc/arm-none-eabi/7.3.1/../../../../arm-none-eabi/lib/thumb/v7e-m/fpv4-sp/hard\libc_nano.a(lib_a-memset.o)
 .ARM.attributes
                0x00000000000004a8       0x22 c:/st/stm32cubeide_1.3.0/stm32cubeide/plugins/com.st.stm32cube.ide.mcu.externaltools.gnu-tools-for-stm32.7-2018-q2-update.win32_1.0.0.201904181610/tools/bin/../lib/gcc/arm-none-eabi/7.3.1/thumb/v7e-m/fpv4-sp/hard/crtn.o
OUTPUT(stm32f302r8.elf elf32-littlearm)

.debug_info     0x0000000000000000     0xfec8
 .debug_info    0x0000000000000000      0x79d Application/PhasesControl.o
 .debug_info    0x000000000000079d     0x1bec Core/Src/main.o
 .debug_info    0x0000000000002389     0x12b3 Core/Src/stm32f3xx_hal_msp.o
 .debug_info    0x000000000000363c      0xe3e Core/Src/stm32f3xx_it.o
 .debug_info    0x000000000000447a      0x45c Core/Src/system_stm32f3xx.o
 .debug_info    0x00000000000048d6       0x22 Core/Startup/startup_stm32f302r8tx.o
 .debug_info    0x00000000000048f8      0x782 Drivers/STM32F3xx_HAL_Driver/Src/stm32f3xx_hal.o
 .debug_info    0x000000000000507a      0xbce Drivers/STM32F3xx_HAL_Driver/Src/stm32f3xx_hal_adc.o
 .debug_info    0x0000000000005c48     0x1361 Drivers/STM32F3xx_HAL_Driver/Src/stm32f3xx_hal_adc_ex.o
 .debug_info    0x0000000000006fa9      0xb7e Drivers/STM32F3xx_HAL_Driver/Src/stm32f3xx_hal_cortex.o
 .debug_info    0x0000000000007b27      0x7cb Drivers/STM32F3xx_HAL_Driver/Src/stm32f3xx_hal_dma.o
 .debug_info    0x00000000000082f2      0x70b Drivers/STM32F3xx_HAL_Driver/Src/stm32f3xx_hal_gpio.o
 .debug_info    0x00000000000089fd     0x180f Drivers/STM32F3xx_HAL_Driver/Src/stm32f3xx_hal_rcc.o
 .debug_info    0x000000000000a20c      0x66d Drivers/STM32F3xx_HAL_Driver/Src/stm32f3xx_hal_rcc_ex.o
 .debug_info    0x000000000000a879     0x2648 Drivers/STM32F3xx_HAL_Driver/Src/stm32f3xx_hal_tim.o
 .debug_info    0x000000000000cec1     0x11d7 Drivers/STM32F3xx_HAL_Driver/Src/stm32f3xx_hal_tim_ex.o
 .debug_info    0x000000000000e098     0x1592 Drivers/STM32F3xx_HAL_Driver/Src/stm32f3xx_hal_uart.o
 .debug_info    0x000000000000f62a      0x89e Drivers/STM32F3xx_HAL_Driver/Src/stm32f3xx_hal_uart_ex.o

.debug_abbrev   0x0000000000000000     0x22c6
 .debug_abbrev  0x0000000000000000      0x1f0 Application/PhasesControl.o
 .debug_abbrev  0x00000000000001f0      0x342 Core/Src/main.o
 .debug_abbrev  0x0000000000000532      0x1de Core/Src/stm32f3xx_hal_msp.o
 .debug_abbrev  0x0000000000000710      0x1aa Core/Src/stm32f3xx_it.o
 .debug_abbrev  0x00000000000008ba      0x12b Core/Src/system_stm32f3xx.o
 .debug_abbrev  0x00000000000009e5       0x12 Core/Startup/startup_stm32f302r8tx.o
 .debug_abbrev  0x00000000000009f7      0x1c7 Drivers/STM32F3xx_HAL_Driver/Src/stm32f3xx_hal.o
 .debug_abbrev  0x0000000000000bbe      0x187 Drivers/STM32F3xx_HAL_Driver/Src/stm32f3xx_hal_adc.o
 .debug_abbrev  0x0000000000000d45      0x225 Drivers/STM32F3xx_HAL_Driver/Src/stm32f3xx_hal_adc_ex.o
 .debug_abbrev  0x0000000000000f6a      0x2d5 Drivers/STM32F3xx_HAL_Driver/Src/stm32f3xx_hal_cortex.o
 .debug_abbrev  0x000000000000123f      0x1fe Drivers/STM32F3xx_HAL_Driver/Src/stm32f3xx_hal_dma.o
 .debug_abbrev  0x000000000000143d      0x1c0 Drivers/STM32F3xx_HAL_Driver/Src/stm32f3xx_hal_gpio.o
 .debug_abbrev  0x00000000000015fd      0x28c Drivers/STM32F3xx_HAL_Driver/Src/stm32f3xx_hal_rcc.o
 .debug_abbrev  0x0000000000001889      0x208 Drivers/STM32F3xx_HAL_Driver/Src/stm32f3xx_hal_rcc_ex.o
 .debug_abbrev  0x0000000000001a91      0x230 Drivers/STM32F3xx_HAL_Driver/Src/stm32f3xx_hal_tim.o
 .debug_abbrev  0x0000000000001cc1      0x21e Drivers/STM32F3xx_HAL_Driver/Src/stm32f3xx_hal_tim_ex.o
 .debug_abbrev  0x0000000000001edf      0x205 Drivers/STM32F3xx_HAL_Driver/Src/stm32f3xx_hal_uart.o
 .debug_abbrev  0x00000000000020e4      0x1e2 Drivers/STM32F3xx_HAL_Driver/Src/stm32f3xx_hal_uart_ex.o

.debug_aranges  0x0000000000000000      0xfa8
 .debug_aranges
                0x0000000000000000       0x70 Application/PhasesControl.o
 .debug_aranges
                0x0000000000000070       0xb8 Core/Src/main.o
 .debug_aranges
                0x0000000000000128       0x68 Core/Src/stm32f3xx_hal_msp.o
 .debug_aranges
                0x0000000000000190       0xb8 Core/Src/stm32f3xx_it.o
 .debug_aranges
                0x0000000000000248       0x28 Core/Src/system_stm32f3xx.o
 .debug_aranges
                0x0000000000000270       0x28 Core/Startup/startup_stm32f302r8tx.o
 .debug_aranges
                0x0000000000000298       0xe0 Drivers/STM32F3xx_HAL_Driver/Src/stm32f3xx_hal.o
 .debug_aranges
                0x0000000000000378       0xc8 Drivers/STM32F3xx_HAL_Driver/Src/stm32f3xx_hal_adc.o
 .debug_aranges
                0x0000000000000440      0x140 Drivers/STM32F3xx_HAL_Driver/Src/stm32f3xx_hal_adc_ex.o
 .debug_aranges
                0x0000000000000580      0x100 Drivers/STM32F3xx_HAL_Driver/Src/stm32f3xx_hal_cortex.o
 .debug_aranges
                0x0000000000000680       0x88 Drivers/STM32F3xx_HAL_Driver/Src/stm32f3xx_hal_dma.o
 .debug_aranges
                0x0000000000000708       0x58 Drivers/STM32F3xx_HAL_Driver/Src/stm32f3xx_hal_gpio.o
 .debug_aranges
                0x0000000000000760       0x88 Drivers/STM32F3xx_HAL_Driver/Src/stm32f3xx_hal_rcc.o
 .debug_aranges
                0x00000000000007e8       0x38 Drivers/STM32F3xx_HAL_Driver/Src/stm32f3xx_hal_rcc_ex.o
 .debug_aranges
                0x0000000000000820      0x3c8 Drivers/STM32F3xx_HAL_Driver/Src/stm32f3xx_hal_tim.o
 .debug_aranges
                0x0000000000000be8      0x160 Drivers/STM32F3xx_HAL_Driver/Src/stm32f3xx_hal_tim_ex.o
 .debug_aranges
                0x0000000000000d48      0x210 Drivers/STM32F3xx_HAL_Driver/Src/stm32f3xx_hal_uart.o
 .debug_aranges
                0x0000000000000f58       0x50 Drivers/STM32F3xx_HAL_Driver/Src/stm32f3xx_hal_uart_ex.o

.debug_ranges   0x0000000000000000      0xe90
 .debug_ranges  0x0000000000000000       0x60 Application/PhasesControl.o
 .debug_ranges  0x0000000000000060       0xa8 Core/Src/main.o
 .debug_ranges  0x0000000000000108       0x58 Core/Src/stm32f3xx_hal_msp.o
 .debug_ranges  0x0000000000000160       0xa8 Core/Src/stm32f3xx_it.o
 .debug_ranges  0x0000000000000208       0x18 Core/Src/system_stm32f3xx.o
 .debug_ranges  0x0000000000000220       0x20 Core/Startup/startup_stm32f302r8tx.o
 .debug_ranges  0x0000000000000240       0xd0 Drivers/STM32F3xx_HAL_Driver/Src/stm32f3xx_hal.o
 .debug_ranges  0x0000000000000310       0xb8 Drivers/STM32F3xx_HAL_Driver/Src/stm32f3xx_hal_adc.o
 .debug_ranges  0x00000000000003c8      0x130 Drivers/STM32F3xx_HAL_Driver/Src/stm32f3xx_hal_adc_ex.o
 .debug_ranges  0x00000000000004f8       0xf0 Drivers/STM32F3xx_HAL_Driver/Src/stm32f3xx_hal_cortex.o
 .debug_ranges  0x00000000000005e8       0x78 Drivers/STM32F3xx_HAL_Driver/Src/stm32f3xx_hal_dma.o
 .debug_ranges  0x0000000000000660       0x48 Drivers/STM32F3xx_HAL_Driver/Src/stm32f3xx_hal_gpio.o
 .debug_ranges  0x00000000000006a8       0x78 Drivers/STM32F3xx_HAL_Driver/Src/stm32f3xx_hal_rcc.o
 .debug_ranges  0x0000000000000720       0x28 Drivers/STM32F3xx_HAL_Driver/Src/stm32f3xx_hal_rcc_ex.o
 .debug_ranges  0x0000000000000748      0x3b8 Drivers/STM32F3xx_HAL_Driver/Src/stm32f3xx_hal_tim.o
 .debug_ranges  0x0000000000000b00      0x150 Drivers/STM32F3xx_HAL_Driver/Src/stm32f3xx_hal_tim_ex.o
 .debug_ranges  0x0000000000000c50      0x200 Drivers/STM32F3xx_HAL_Driver/Src/stm32f3xx_hal_uart.o
 .debug_ranges  0x0000000000000e50       0x40 Drivers/STM32F3xx_HAL_Driver/Src/stm32f3xx_hal_uart_ex.o

.debug_macro    0x0000000000000000    0x1b2eb
 .debug_macro   0x0000000000000000      0x1ee Application/PhasesControl.o
 .debug_macro   0x00000000000001ee      0xb2c Application/PhasesControl.o
 .debug_macro   0x0000000000000d1a      0x15d Application/PhasesControl.o
 .debug_macro   0x0000000000000e77       0x2e Application/PhasesControl.o
 .debug_macro   0x0000000000000ea5       0x28 Application/PhasesControl.o
 .debug_macro   0x0000000000000ecd       0x1c Application/PhasesControl.o
 .debug_macro   0x0000000000000ee9       0x22 Application/PhasesControl.o
 .debug_macro   0x0000000000000f0b       0x8e Application/PhasesControl.o
 .debug_macro   0x0000000000000f99       0x51 Application/PhasesControl.o
 .debug_macro   0x0000000000000fea       0xef Application/PhasesControl.o
 .debug_macro   0x00000000000010d9       0x6a Application/PhasesControl.o
 .debug_macro   0x0000000000001143      0x1df Application/PhasesControl.o
 .debug_macro   0x0000000000001322       0x1c Application/PhasesControl.o
 .debug_macro   0x000000000000133e       0x22 Application/PhasesControl.o
 .debug_macro   0x0000000000001360       0xdf Application/PhasesControl.o
 .debug_macro   0x000000000000143f      0xf07 Application/PhasesControl.o
 .debug_macro   0x0000000000002346    0x110e1 Application/PhasesControl.o
 .debug_macro   0x0000000000013427       0x43 Application/PhasesControl.o
 .debug_macro   0x000000000001346a      0x17b Application/PhasesControl.o
 .debug_macro   0x00000000000135e5       0x53 Application/PhasesControl.o
 .debug_macro   0x0000000000013638      0x8f9 Application/PhasesControl.o
 .debug_macro   0x0000000000013f31      0x41b Application/PhasesControl.o
 .debug_macro   0x000000000001434c      0x12f Application/PhasesControl.o
 .debug_macro   0x000000000001447b      0x161 Application/PhasesControl.o
 .debug_macro   0x00000000000145dc      0x1d5 Application/PhasesControl.o
 .debug_macro   0x00000000000147b1      0x1bc Application/PhasesControl.o
 .debug_macro   0x000000000001496d       0x34 Application/PhasesControl.o
 .debug_macro   0x00000000000149a1       0x3c Application/PhasesControl.o
 .debug_macro   0x00000000000149dd       0x57 Application/PhasesControl.o
 .debug_macro   0x0000000000014a34      0x7ab Application/PhasesControl.o
 .debug_macro   0x00000000000151df       0x77 Application/PhasesControl.o
 .debug_macro   0x0000000000015256       0xc5 Application/PhasesControl.o
 .debug_macro   0x000000000001531b      0x19f Application/PhasesControl.o
 .debug_macro   0x00000000000154ba      0x22c Application/PhasesControl.o
 .debug_macro   0x00000000000156e6       0x5b Application/PhasesControl.o
 .debug_macro   0x0000000000015741       0xa5 Application/PhasesControl.o
 .debug_macro   0x00000000000157e6       0x81 Application/PhasesControl.o
 .debug_macro   0x0000000000015867       0xd3 Application/PhasesControl.o
 .debug_macro   0x000000000001593a      0x9e9 Application/PhasesControl.o
 .debug_macro   0x0000000000016323       0x41 Application/PhasesControl.o
 .debug_macro   0x0000000000016364      0x589 Application/PhasesControl.o
 .debug_macro   0x00000000000168ed       0x44 Application/PhasesControl.o
 .debug_macro   0x0000000000016931      0x1f7 Application/PhasesControl.o
 .debug_macro   0x0000000000016b28       0x64 Application/PhasesControl.o
 .debug_macro   0x0000000000016b8c      0x31f Core/Src/main.o
 .debug_macro   0x0000000000016eab       0x5e Core/Src/main.o
 .debug_macro   0x0000000000016f09       0x46 Core/Src/main.o
 .debug_macro   0x0000000000016f4f       0x18 Core/Src/main.o
 .debug_macro   0x0000000000016f67       0x3c Core/Src/main.o
 .debug_macro   0x0000000000016fa3       0x34 Core/Src/main.o
 .debug_macro   0x0000000000016fd7       0x10 Core/Src/main.o
 .debug_macro   0x0000000000016fe7       0x35 Core/Src/main.o
 .debug_macro   0x000000000001701c      0x34d Core/Src/main.o
 .debug_macro   0x0000000000017369       0x10 Core/Src/main.o
 .debug_macro   0x0000000000017379       0x52 Core/Src/main.o
 .debug_macro   0x00000000000173cb       0x1f Core/Src/main.o
 .debug_macro   0x00000000000173ea       0x43 Core/Src/main.o
 .debug_macro   0x000000000001742d       0x20 Core/Src/main.o
 .debug_macro   0x000000000001744d       0x1c Core/Src/main.o
 .debug_macro   0x0000000000017469       0x52 Core/Src/main.o
 .debug_macro   0x00000000000174bb       0x40 Core/Src/main.o
 .debug_macro   0x00000000000174fb       0x10 Core/Src/main.o
 .debug_macro   0x000000000001750b       0x40 Core/Src/main.o
 .debug_macro   0x000000000001754b       0xd7 Core/Src/main.o
 .debug_macro   0x0000000000017622       0x1c Core/Src/main.o
 .debug_macro   0x000000000001763e       0x3d Core/Src/main.o
 .debug_macro   0x000000000001767b      0x51a Core/Src/main.o
 .debug_macro   0x0000000000017b95      0x1e5 Core/Src/stm32f3xx_hal_msp.o
 .debug_macro   0x0000000000017d7a      0xa5a Core/Src/stm32f3xx_hal_msp.o
 .debug_macro   0x00000000000187d4      0xf07 Core/Src/stm32f3xx_hal_msp.o
 .debug_macro   0x00000000000196db      0x174 Core/Src/stm32f3xx_hal_msp.o
 .debug_macro   0x000000000001984f      0x1ef Core/Src/stm32f3xx_it.o
 .debug_macro   0x0000000000019a3e      0x1dc Core/Src/system_stm32f3xx.o
 .debug_macro   0x0000000000019c1a      0x1fa Drivers/STM32F3xx_HAL_Driver/Src/stm32f3xx_hal.o
 .debug_macro   0x0000000000019e14      0x1d7 Drivers/STM32F3xx_HAL_Driver/Src/stm32f3xx_hal_adc.o
 .debug_macro   0x0000000000019feb      0x200 Drivers/STM32F3xx_HAL_Driver/Src/stm32f3xx_hal_adc_ex.o
 .debug_macro   0x000000000001a1eb      0x1d6 Drivers/STM32F3xx_HAL_Driver/Src/stm32f3xx_hal_cortex.o
 .debug_macro   0x000000000001a3c1      0x1d6 Drivers/STM32F3xx_HAL_Driver/Src/stm32f3xx_hal_dma.o
 .debug_macro   0x000000000001a597      0x20e Drivers/STM32F3xx_HAL_Driver/Src/stm32f3xx_hal_gpio.o
 .debug_macro   0x000000000001a7a5      0x1fa Drivers/STM32F3xx_HAL_Driver/Src/stm32f3xx_hal_rcc.o
 .debug_macro   0x000000000001a99f      0x1d6 Drivers/STM32F3xx_HAL_Driver/Src/stm32f3xx_hal_rcc_ex.o
 .debug_macro   0x000000000001ab75      0x1d7 Drivers/STM32F3xx_HAL_Driver/Src/stm32f3xx_hal_tim.o
 .debug_macro   0x000000000001ad4c      0x1d6 Drivers/STM32F3xx_HAL_Driver/Src/stm32f3xx_hal_tim_ex.o
 .debug_macro   0x000000000001af22      0x1f3 Drivers/STM32F3xx_HAL_Driver/Src/stm32f3xx_hal_uart.o
 .debug_macro   0x000000000001b115      0x1d6 Drivers/STM32F3xx_HAL_Driver/Src/stm32f3xx_hal_uart_ex.o

.debug_line     0x0000000000000000     0xc02c
 .debug_line    0x0000000000000000      0x7cf Application/PhasesControl.o
 .debug_line    0x00000000000007cf      0xb2a Core/Src/main.o
 .debug_line    0x00000000000012f9      0x7d2 Core/Src/stm32f3xx_hal_msp.o
 .debug_line    0x0000000000001acb      0x83d Core/Src/stm32f3xx_it.o
 .debug_line    0x0000000000002308      0x6eb Core/Src/system_stm32f3xx.o
 .debug_line    0x00000000000029f3       0x85 Core/Startup/startup_stm32f302r8tx.o
 .debug_line    0x0000000000002a78      0x8a8 Drivers/STM32F3xx_HAL_Driver/Src/stm32f3xx_hal.o
 .debug_line    0x0000000000003320      0x857 Drivers/STM32F3xx_HAL_Driver/Src/stm32f3xx_hal_adc.o
 .debug_line    0x0000000000003b77     0x1185 Drivers/STM32F3xx_HAL_Driver/Src/stm32f3xx_hal_adc_ex.o
 .debug_line    0x0000000000004cfc      0x97f Drivers/STM32F3xx_HAL_Driver/Src/stm32f3xx_hal_cortex.o
 .debug_line    0x000000000000567b      0x8e1 Drivers/STM32F3xx_HAL_Driver/Src/stm32f3xx_hal_dma.o
 .debug_line    0x0000000000005f5c      0x847 Drivers/STM32F3xx_HAL_Driver/Src/stm32f3xx_hal_gpio.o
 .debug_line    0x00000000000067a3      0xe20 Drivers/STM32F3xx_HAL_Driver/Src/stm32f3xx_hal_rcc.o
 .debug_line    0x00000000000075c3      0x913 Drivers/STM32F3xx_HAL_Driver/Src/stm32f3xx_hal_rcc_ex.o
 .debug_line    0x0000000000007ed6     0x1ac5 Drivers/STM32F3xx_HAL_Driver/Src/stm32f3xx_hal_tim.o
 .debug_line    0x000000000000999b      0xd51 Drivers/STM32F3xx_HAL_Driver/Src/stm32f3xx_hal_tim_ex.o
 .debug_line    0x000000000000a6ec     0x117a Drivers/STM32F3xx_HAL_Driver/Src/stm32f3xx_hal_uart.o
 .debug_line    0x000000000000b866      0x7c6 Drivers/STM32F3xx_HAL_Driver/Src/stm32f3xx_hal_uart_ex.o

.debug_str      0x0000000000000000    0x92981
 .debug_str     0x0000000000000000    0x8acbf Application/PhasesControl.o
                                      0x8af18 (size before relaxing)
 .debug_str     0x000000000008acbf     0x45f0 Core/Src/main.o
                                      0x8f92f (size before relaxing)
 .debug_str     0x000000000008f2af      0x2cb Core/Src/stm32f3xx_hal_msp.o
                                      0x8b4da (size before relaxing)
 .debug_str     0x000000000008f57a      0x11c Core/Src/stm32f3xx_it.o
                                      0x8b178 (size before relaxing)
 .debug_str     0x000000000008f696       0xc7 Core/Src/system_stm32f3xx.o
                                      0x8a72f (size before relaxing)
 .debug_str     0x000000000008f75d       0x36 Core/Startup/startup_stm32f302r8tx.o
                                         0x64 (size before relaxing)
 .debug_str     0x000000000008f793      0x3c7 Drivers/STM32F3xx_HAL_Driver/Src/stm32f3xx_hal.o
                                      0x8add3 (size before relaxing)
 .debug_str     0x000000000008fb5a      0x224 Drivers/STM32F3xx_HAL_Driver/Src/stm32f3xx_hal_adc.o
                                      0x8ad46 (size before relaxing)
 .debug_str     0x000000000008fd7e      0x614 Drivers/STM32F3xx_HAL_Driver/Src/stm32f3xx_hal_adc_ex.o
                                      0x8b28f (size before relaxing)
 .debug_str     0x0000000000090392      0x296 Drivers/STM32F3xx_HAL_Driver/Src/stm32f3xx_hal_cortex.o
                                      0x8adb4 (size before relaxing)
 .debug_str     0x0000000000090628      0x248 Drivers/STM32F3xx_HAL_Driver/Src/stm32f3xx_hal_dma.o
                                      0x8aa95 (size before relaxing)
 .debug_str     0x0000000000090870      0x216 Drivers/STM32F3xx_HAL_Driver/Src/stm32f3xx_hal_gpio.o
                                      0x8a98a (size before relaxing)
 .debug_str     0x0000000000090a86      0x300 Drivers/STM32F3xx_HAL_Driver/Src/stm32f3xx_hal_rcc.o
                                      0x8ab89 (size before relaxing)
 .debug_str     0x0000000000090d86       0xd8 Drivers/STM32F3xx_HAL_Driver/Src/stm32f3xx_hal_rcc_ex.o
                                      0x8a922 (size before relaxing)
 .debug_str     0x0000000000090e5e      0xcef Drivers/STM32F3xx_HAL_Driver/Src/stm32f3xx_hal_tim.o
                                      0x8b91c (size before relaxing)
 .debug_str     0x0000000000091b4d      0x4d5 Drivers/STM32F3xx_HAL_Driver/Src/stm32f3xx_hal_tim_ex.o
                                      0x8b123 (size before relaxing)
 .debug_str     0x0000000000092022      0x7ff Drivers/STM32F3xx_HAL_Driver/Src/stm32f3xx_hal_uart.o
                                      0x8b2e9 (size before relaxing)
 .debug_str     0x0000000000092821      0x160 Drivers/STM32F3xx_HAL_Driver/Src/stm32f3xx_hal_uart_ex.o
                                      0x8abb1 (size before relaxing)

.comment        0x0000000000000000       0x7b
 .comment       0x0000000000000000       0x7b Application/PhasesControl.o
                                         0x7c (size before relaxing)
 .comment       0x000000000000007b       0x7c Core/Src/main.o
 .comment       0x000000000000007b       0x7c Core/Src/stm32f3xx_hal_msp.o
 .comment       0x000000000000007b       0x7c Core/Src/stm32f3xx_it.o
 .comment       0x000000000000007b       0x7c Core/Src/system_stm32f3xx.o
 .comment       0x000000000000007b       0x7c Drivers/STM32F3xx_HAL_Driver/Src/stm32f3xx_hal.o
 .comment       0x000000000000007b       0x7c Drivers/STM32F3xx_HAL_Driver/Src/stm32f3xx_hal_adc.o
 .comment       0x000000000000007b       0x7c Drivers/STM32F3xx_HAL_Driver/Src/stm32f3xx_hal_adc_ex.o
 .comment       0x000000000000007b       0x7c Drivers/STM32F3xx_HAL_Driver/Src/stm32f3xx_hal_cortex.o
 .comment       0x000000000000007b       0x7c Drivers/STM32F3xx_HAL_Driver/Src/stm32f3xx_hal_dma.o
 .comment       0x000000000000007b       0x7c Drivers/STM32F3xx_HAL_Driver/Src/stm32f3xx_hal_gpio.o
 .comment       0x000000000000007b       0x7c Drivers/STM32F3xx_HAL_Driver/Src/stm32f3xx_hal_rcc.o
 .comment       0x000000000000007b       0x7c Drivers/STM32F3xx_HAL_Driver/Src/stm32f3xx_hal_rcc_ex.o
 .comment       0x000000000000007b       0x7c Drivers/STM32F3xx_HAL_Driver/Src/stm32f3xx_hal_tim.o
 .comment       0x000000000000007b       0x7c Drivers/STM32F3xx_HAL_Driver/Src/stm32f3xx_hal_tim_ex.o
 .comment       0x000000000000007b       0x7c Drivers/STM32F3xx_HAL_Driver/Src/stm32f3xx_hal_uart.o
 .comment       0x000000000000007b       0x7c Drivers/STM32F3xx_HAL_Driver/Src/stm32f3xx_hal_uart_ex.o

.debug_frame    0x0000000000000000     0x4168
 .debug_frame   0x0000000000000000      0x1a4 Application/PhasesControl.o
 .debug_frame   0x00000000000001a4      0x2a4 Core/Src/main.o
 .debug_frame   0x0000000000000448      0x178 Core/Src/stm32f3xx_hal_msp.o
 .debug_frame   0x00000000000005c0      0x244 Core/Src/stm32f3xx_it.o
 .debug_frame   0x0000000000000804       0x58 Core/Src/system_stm32f3xx.o
 .debug_frame   0x000000000000085c      0x334 Drivers/STM32F3xx_HAL_Driver/Src/stm32f3xx_hal.o
 .debug_frame   0x0000000000000b90      0x380 Drivers/STM32F3xx_HAL_Driver/Src/stm32f3xx_hal_adc.o
 .debug_frame   0x0000000000000f10      0x57c Drivers/STM32F3xx_HAL_Driver/Src/stm32f3xx_hal_adc_ex.o
 .debug_frame   0x000000000000148c      0x428 Drivers/STM32F3xx_HAL_Driver/Src/stm32f3xx_hal_cortex.o
 .debug_frame   0x00000000000018b4      0x224 Drivers/STM32F3xx_HAL_Driver/Src/stm32f3xx_hal_dma.o
 .debug_frame   0x0000000000001ad8      0x14c Drivers/STM32F3xx_HAL_Driver/Src/stm32f3xx_hal_gpio.o
 .debug_frame   0x0000000000001c24      0x214 Drivers/STM32F3xx_HAL_Driver/Src/stm32f3xx_hal_rcc.o
 .debug_frame   0x0000000000001e38       0xb4 Drivers/STM32F3xx_HAL_Driver/Src/stm32f3xx_hal_rcc_ex.o
 .debug_frame   0x0000000000001eec     0x1190 Drivers/STM32F3xx_HAL_Driver/Src/stm32f3xx_hal_tim.o
 .debug_frame   0x000000000000307c      0x610 Drivers/STM32F3xx_HAL_Driver/Src/stm32f3xx_hal_tim_ex.o
 .debug_frame   0x000000000000368c      0x970 Drivers/STM32F3xx_HAL_Driver/Src/stm32f3xx_hal_uart.o
 .debug_frame   0x0000000000003ffc      0x120 Drivers/STM32F3xx_HAL_Driver/Src/stm32f3xx_hal_uart_ex.o
 .debug_frame   0x000000000000411c       0x2c c:/st/stm32cubeide_1.3.0/stm32cubeide/plugins/com.st.stm32cube.ide.mcu.externaltools.gnu-tools-for-stm32.7-2018-q2-update.win32_1.0.0.201904181610/tools/bin/../lib/gcc/arm-none-eabi/7.3.1/../../../../arm-none-eabi/lib/thumb/v7e-m/fpv4-sp/hard\libc_nano.a(lib_a-init.o)
 .debug_frame   0x0000000000004148       0x20 c:/st/stm32cubeide_1.3.0/stm32cubeide/plugins/com.st.stm32cube.ide.mcu.externaltools.gnu-tools-for-stm32.7-2018-q2-update.win32_1.0.0.201904181610/tools/bin/../lib/gcc/arm-none-eabi/7.3.1/../../../../arm-none-eabi/lib/thumb/v7e-m/fpv4-sp/hard\libc_nano.a(lib_a-memset.o)
