PhasesControl.hpp:9:5:Phase::Phase(uint16_t)	16	static
PhasesControl.hpp:87:5:PhaseHandler::PhaseHandler()	16	static
main.cc:75:20:TIM_HandleTypeDef* getTIM1()	4	static
main.cc:83:6:void startADC()	8	static
main.cc:88:6:void setDuty(TIM_TypeDef*, float)	24	static
main.cc:98:6:void toggleLED()	8	static
main.cc:103:6:void togglePin()	8	static
main.cc:108:6:void setPin()	8	static
main.cc:113:6:void resetPin()	8	static
main.cc:124:5:int main()	64	static
main.cc:212:6:void SystemClock_Config()	120	static
main.cc:260:13:void MX_NVIC_Init()	8	static
main.cc:272:13:void MX_ADC1_Init()	32	static
main.cc:327:13:void MX_TIM1_Init()	96	static
main.cc:415:13:void MX_TIM2_Init()	88	static
main.cc:482:13:void MX_TIM6_Init()	24	static
main.cc:520:13:void MX_USART1_UART_Init()	8	static
main.cc:553:13:void MX_DMA_Init()	16	static
main.cc:571:13:void MX_GPIO_Init()	48	static
main.cc:629:6:void Error_Handler()	4	static
