stm32f3xx_it.c:75:6:NMI_Handler	4	static
stm32f3xx_it.c:88:6:HardFault_Handler	4	static
stm32f3xx_it.c:103:6:MemManage_Handler	4	static
stm32f3xx_it.c:118:6:BusFault_Handler	4	static
stm32f3xx_it.c:133:6:UsageFault_Handler	4	static
stm32f3xx_it.c:148:6:SVC_Handler	4	static
stm32f3xx_it.c:161:6:DebugMon_Handler	4	static
stm32f3xx_it.c:174:6:PendSV_Handler	4	static
stm32f3xx_it.c:187:6:SysTick_Handler	8	static
stm32f3xx_it.c:214:6:RCC_IRQHandler	4	static
stm32f3xx_it.c:227:6:DMA1_Channel1_IRQHandler	8	static
stm32f3xx_it.c:241:6:ADC1_IRQHandler	8	static
stm32f3xx_it.c:255:6:TIM1_BRK_TIM15_IRQHandler	8	static
stm32f3xx_it.c:269:6:TIM1_UP_TIM16_IRQHandler	8	static
stm32f3xx_it.c:284:6:TIM1_TRG_COM_TIM17_IRQHandler	8	static
stm32f3xx_it.c:298:6:TIM1_CC_IRQHandler	8	static
stm32f3xx_it.c:312:6:TIM2_IRQHandler	8	static
stm32f3xx_it.c:328:6:USART1_IRQHandler	8	static
stm32f3xx_it.c:342:6:EXTI15_10_IRQHandler	8	static
stm32f3xx_it.c:356:6:TIM6_DAC_IRQHandler	8	static
